.................
.....o.....o.....
.....o.....o.....
.....oo...oo.....
.................
.ooo..oo.oo..ooo.
...o.o.o.o.o.o...
.....oo...oo.....
.................
.....oo...oo.....
...o.o.o.o.o.o...
.ooo..oo.oo..ooo.
.................
.....oo...oo.....
.....o.....o.....
.....o.....o.....
.................
Iteration: 1 / 100
.................
.................
....oo.....oo....
.....oo...oo.....
..o..o.o.o.o..o..
..ooo.oo.oo.ooo..
...o.o.o.o.o.o...
....ooo...ooo....
.................
....ooo...ooo....
...o.o.o.o.o.o...
..ooo.oo.oo.ooo..
..o..o.o.o.o..o..
.....oo...oo.....
....oo.....oo....
.................
.................
Iteration: 2 / 100
.................
.................
....ooo...ooo....
.................
..o....o.o....o..
..o....o.o....o..
..o....o.o....o..
....ooo...ooo....
.................
....ooo...ooo....
..o....o.o....o..
..o....o.o....o..
..o....o.o....o..
.................
....ooo...ooo....
.................
.................
Iteration: 3 / 100

Loop detected after 3 iterations!
Loop Period: 3
